// Jest Snapshot v1, https://goo.gl/fbAQLP

exports[`Matches previous snapshot 1`] = `
<DocumentFragment>
  <div
    class="home-container"
  >
    <div
      class="home-window"
    >
      <div
        class="home-items-wrapper"
      >
        <div
          class="home-titles"
        >
          <div
            class="home-title"
          >
            Ability
          </div>
          <div
            class="home-title"
          >
            Lore
          </div>
          <div
            class="home-title"
          >
            Splash Art
          </div>
        </div>
        <div
          class="home-items"
        >
          <a
            class="home-item"
            href="/ability"
          >
            <img
              alt="ability"
              class="lore-image"
              src="ability.png"
            />
          </a>
          <a
            class="home-item"
            href="/lore"
          >
            <img
              alt="lore"
              class="lore-image"
              src="lore.png"
            />
          </a>
          <a
            class="home-item"
            href="/splash"
          >
            <img
              alt="splash"
              class="lore-image"
              src="splash.png"
            />
          </a>
        </div>
      </div>
    </div>
  </div>
</DocumentFragment>
`;
